// Jest Snapshot v1, https://goo.gl/fbAQLP

exports[`DonutChart renders correctly 1`] = `
<div
  style="position: relative;"
>
  <svg
    class="donutchart"
    height="150"
    width="150"
  >
    <circle
      class="donutchart-full-circle"
      cx="75"
      cy="75"
      r="70"
      style="stroke-width: 10;"
      transform="rotate(-90 75,75)"
    />
    <circle
      class="donutchart-indicator"
      cx="75"
      cy="75"
      r="70"
      style="stroke-width: 10; stroke-dasharray: 241.90263432641405 439.822971502571;"
      transform="rotate(-90 75,75)"
    />
    <text
      class="donutchart-text"
      x="75"
      y="75"
    />
  </svg>
  <span
    class="donutchart-text"
  >
    <span
      class="donutchart-text-val"
    >
      55
    </span>
    <span
      class="donutchart-text-label"
    >
       
      Completed
    </span>
  </span>
</div>
`;
