// Jest Snapshot v1, https://goo.gl/fbAQLP

exports[`Table renders correctly 1`] = `
<DocumentFragment>
  <table
    class="table-container"
    data-testid="table-element"
  >
    <thead
      data-testid="table-header"
    >
      <tr>
        <th>
          Name
        </th>
        <th>
          Month
        </th>
        <th>
          Gift
        </th>
      </tr>
    </thead>
    <tbody
      data-testid="table-body"
    >
      <tr
        class="non-clickable-row"
        tabindex="0"
      >
        <td>
           Lisa
        </td>
        <td>
           December
        </td>
        <td>
           Car
        </td>
      </tr>
      <tr
        class="non-clickable-row"
        tabindex="0"
      >
        <td>
           Tina
        </td>
        <td>
           June
        </td>
        <td>
           Dog
        </td>
      </tr>
      <tr
        class="non-clickable-row"
        tabindex="0"
      >
        <td>
           Callie
        </td>
        <td>
           August
        </td>
        <td>
           Flowers
        </td>
      </tr>
      <tr
        class="non-clickable-row"
        tabindex="0"
      >
        <td>
           Ruth
        </td>
        <td>
           September
        </td>
        <td>
           Diamonds
        </td>
      </tr>
    </tbody>
  </table>
</DocumentFragment>
`;
