// Jest Snapshot v1, https://goo.gl/fbAQLP

exports[`PaginatedTable renders correctly 1`] = `
<DocumentFragment>
  <table
    class="table-container"
    data-testid="table-element"
  >
    <thead
      data-testid="table-header"
    >
      <tr>
        <th>
          First Name
        </th>
        <th>
          Last Name
        </th>
        <th>
          Handle
        </th>
        <th>
          User Type
        </th>
        <th>
          Status
        </th>
      </tr>
    </thead>
    <tbody
      data-testid="table-body"
    >
      <tr
        class="non-clickable-row"
        tabindex="0"
      >
        <td>
           John
        </td>
        <td>
           Oto
        </td>
        <td>
           @timo
        </td>
        <td>
           type1
        </td>
        <td>
           Active
        </td>
      </tr>
      <tr
        class="non-clickable-row"
        tabindex="0"
      >
        <td>
           Mark
        </td>
        <td>
           Howard
        </td>
        <td>
           @mdo
        </td>
        <td>
           type2
        </td>
        <td>
           Inactive
        </td>
      </tr>
      <tr
        class="non-clickable-row"
        tabindex="0"
      >
        <td>
           Jacob
        </td>
        <td>
           Martin
        </td>
        <td>
           @mdo
        </td>
        <td>
           type1
        </td>
        <td>
           Active
        </td>
      </tr>
      <tr
        class="non-clickable-row"
        tabindex="0"
      >
        <td>
           Lary
        </td>
        <td>
           King
        </td>
        <td>
           @timo
        </td>
        <td>
           type1
        </td>
        <td>
           Inactive
        </td>
      </tr>
      <tr
        class="non-clickable-row"
        tabindex="0"
      >
        <td>
           Helen
        </td>
        <td>
           Bonham
        </td>
        <td>
           @timo
        </td>
        <td>
           type2
        </td>
        <td>
           Active
        </td>
      </tr>
    </tbody>
    <tfoot
      class="paginated-footer"
    >
      <tr>
        <td
          colspan="5"
        >
          <div
            class="paginated-footer-wrapper"
          >
            <div
              class="pagination-items"
            >
              1 - 5 of 15 items
            </div>
            <div
              class="paginated-table-pages"
            >
              <div
                class="number-of-pages"
              >
                <div
                  class="number-of-pages-input container"
                >
                  <div
                    class="input--field-container"
                  >
                    <div
                      class="input--container"
                    >
                      <input
                        class="input input--medium"
                        id="paginated-table-input-paginated-table"
                        value="1"
                      />
                    </div>
                  </div>
                </div>
                <span
                  class="number-of-pages-text"
                >
                  of 3 pages
                </span>
              </div>
              <div
                class="paginated-table-action-btns"
              >
                <ul
                  class="pagination-list paginated-table-pagination"
                  data-testid="pagination-element"
                >
                  <li>
                    <button
                      class="button button--neutral button button--medium btn-table-paginated"
                      disabled=""
                      type="button"
                    >
                      <div
                        class="append-icon-left"
                      >
                        <div
                          class="button--append-icon"
                        >
                          <svg
                            data-file-name="SvgArrowLeft"
                          />
                        </div>
                      </div>
                      <span
                        class="button-text"
                      >
                        Prev
                      </span>
                    </button>
                  </li>
                  <li>
                    <button
                      class="button button--neutral button button--medium btn-table-paginated"
                      type="button"
                    >
                      <span
                        class="button-text"
                      >
                        Next
                      </span>
                      <div
                        class="append-icon-right"
                      >
                        <div
                          class="button--append-icon"
                        >
                          <svg
                            data-file-name="SvgArrowRight"
                          />
                        </div>
                      </div>
                    </button>
                  </li>
                </ul>
              </div>
            </div>
          </div>
        </td>
      </tr>
    </tfoot>
  </table>
</DocumentFragment>
`;
