// Jest Snapshot v1, https://goo.gl/fbAQLP

exports[`Tab renders correctly 1`] = `
<DocumentFragment>
  <div
    class="tab-container"
  >
    <div
      class="tab-menu-container"
    >
      <button
        class="button button--neutral button button--large tab-menu-button tab-menu-button-active"
        type="button"
      >
        <span
          class="button-text"
        >
          Test Active
        </span>
      </button>
      <button
        class="button button--neutral button button--large tab-menu-button"
        type="button"
      >
        <span
          class="button-text"
        >
          Test Inactive
        </span>
      </button>
    </div>
    <div>
      <div>
        <div>
          active
        </div>
      </div>
      <div />
    </div>
  </div>
</DocumentFragment>
`;
