// Jest Snapshot v1, https://goo.gl/fbAQLP

exports[`Pagination renders correctly 1`] = `
<DocumentFragment>
  <ul
    class="pagination-list"
    data-testid="pagination-element"
  >
    <li>
      <button
        class="button button--neutral button button--medium"
        disabled=""
        type="button"
      >
        <span
          class="button-text"
        >
          Prev
        </span>
      </button>
    </li>
    <li>
      <button
        category="primary"
        class="button button--primary button button--medium"
        type="button"
      >
        <span
          class="button-text"
        >
          1
        </span>
      </button>
    </li>
    <li>
      <button
        category="neutral"
        class="button button--neutral button button--medium"
        type="button"
      >
        <span
          class="button-text"
        >
          2
        </span>
      </button>
    </li>
    <li>
      <button
        category="neutral"
        class="button button--neutral button button--medium"
        type="button"
      >
        <span
          class="button-text"
        >
          3
        </span>
      </button>
    </li>
    <li>
      <button
        class="button button--neutral button button--medium"
        type="button"
      >
        <span
          class="button-text"
        >
          Next
        </span>
      </button>
    </li>
  </ul>
</DocumentFragment>
`;
