// Jest Snapshot v1, https://goo.gl/fbAQLP

exports[`PhoneInput renders correctly 1`] = `
<DocumentFragment>
  <div
    class="react-tel-input "
  >
    <div
      class="special-label"
    >
      Phone
    </div>
    <input
      class="form-control input input--large input-with-prepend"
      placeholder="1 (702) 123-4567"
      type="tel"
      value=""
    />
    <div
      class="flag-dropdown "
    >
      <div
        aria-haspopup="listbox"
        class="selected-flag"
        role="button"
        tabindex="0"
        title=""
      >
        <div
          class="flag 0"
        >
          <div
            class="arrow"
          />
        </div>
      </div>
    </div>
  </div>
</DocumentFragment>
`;
